mode: set
cursoGo/src/test/main.go:3.24,5.2 1 1
cursoGo/src/test/main.go:7.27,8.11 1 0
cursoGo/src/test/main.go:11.2,11.10 1 0
cursoGo/src/test/main.go:8.11,10.3 1 0
